#-----------------------------------------------------------
# Vivado v2019.2 (64-bit)
# SW Build 2708876 on Wed Nov  6 21:40:23 MST 2019
# IP Build 2700528 on Thu Nov  7 00:09:20 MST 2019
# Start of session at: Mon Jun  3 15:56:25 2024
# Process ID: 21092
# Current directory: C:/Users/Half Blood Prince/Desktop/Multi-Cycle-MIPS-Basic-IO2
# Command line: vivado.exe -gui_launcher_event rodinguilauncherevent5508 C:\Users\Half Blood Prince\Desktop\Multi-Cycle-MIPS-Basic-IO2\Multi-Cycle-MIPS-Basic-IO.xpr
# Log file: C:/Users/Half Blood Prince/Desktop/Multi-Cycle-MIPS-Basic-IO2/vivado.log
# Journal file: C:/Users/Half Blood Prince/Desktop/Multi-Cycle-MIPS-Basic-IO2\vivado.jou
#-----------------------------------------------------------
start_gui
open_project {C:/Users/Half Blood Prince/Desktop/Multi-Cycle-MIPS-Basic-IO2/Multi-Cycle-MIPS-Basic-IO.xpr}
update_compile_order -fileset sources_1
set_property -name {xsim.simulate.runtime} -value {10000ns} -objects [get_filesets sim_1]
update_compile_order -fileset sources_1
launch_simulation
open_wave_config {C:/Users/Half Blood Prince/Desktop/Multi-Cycle-MIPS-Basic-IO2/TestBench_IO_behav.wcfg}
source TestBench_IO_NEXYS_A7_100T.tcl
close_sim
launch_simulation
open_wave_config {C:/Users/Half Blood Prince/Desktop/Multi-Cycle-MIPS-Basic-IO2/TestBench_IO_behav.wcfg}
source TestBench_IO_NEXYS_A7_100T.tcl
relaunch_sim
current_wave_config {Untitled 1}
add_wave {{/TestBench_IO_NEXYS_A7_100T/top_nexys/MemoryDecoder_Nexys/digit}} 
current_wave_config {Untitled 1}
add_wave {{/TestBench_IO_NEXYS_A7_100T/top_nexys/MemoryDecoder_Nexys/mux7seg/reset}} 
current_wave_config {Untitled 1}
add_wave {{/TestBench_IO_NEXYS_A7_100T/top_nexys/MemoryDecoder_Nexys/mux7seg/current_digit}} 
current_wave_config {Untitled 1}
add_wave {{/TestBench_IO_NEXYS_A7_100T/top_nexys/MemoryDecoder_Nexys/mux7seg/current_digit}} 
current_wave_config {Untitled 1}
add_wave {{/TestBench_IO_NEXYS_A7_100T/top_nexys/MemoryDecoder_Nexys/mux7seg/clk}} 
relaunch_sim
reset_run synth_1
launch_runs impl_1 -to_step write_bitstream -jobs 4
wait_on_run impl_1
close_sim
reset_run synth_1
launch_runs impl_1 -to_step write_bitstream -jobs 4
wait_on_run impl_1
open_hw_manager
connect_hw_server -allow_non_jtag
open_hw_target
set_property PROGRAM.FILE {C:/Users/Half Blood Prince/Desktop/Multi-Cycle-MIPS-Basic-IO2/Multi-Cycle-MIPS-Basic-IO.runs/impl_1/Top_IO_NEXYS_A7_100T.bit} [get_hw_devices xc7a100t_0]
current_hw_device [get_hw_devices xc7a100t_0]
refresh_hw_device -update_hw_probes false [lindex [get_hw_devices xc7a100t_0] 0]
set_property PROBES.FILE {} [get_hw_devices xc7a100t_0]
set_property FULL_PROBES.FILE {} [get_hw_devices xc7a100t_0]
set_property PROGRAM.FILE {C:/Users/Half Blood Prince/Desktop/Multi-Cycle-MIPS-Basic-IO2/Multi-Cycle-MIPS-Basic-IO.runs/impl_1/Top_IO_NEXYS_A7_100T.bit} [get_hw_devices xc7a100t_0]
program_hw_devices [get_hw_devices xc7a100t_0]
refresh_hw_device [lindex [get_hw_devices xc7a100t_0] 0]
close_hw_manager
update_compile_order -fileset sources_1
route_design
open_run impl_1
route_design
report_timing_summary
close_design
reset_run synth_1
launch_runs impl_1 -to_step write_bitstream -jobs 4
wait_on_run impl_1
open_hw_manager
connect_hw_server -allow_non_jtag
open_hw_target
set_property PROGRAM.FILE {C:/Users/Half Blood Prince/Desktop/Multi-Cycle-MIPS-Basic-IO2/Multi-Cycle-MIPS-Basic-IO.runs/impl_1/Top_IO_NEXYS_A7_100T.bit} [get_hw_devices xc7a100t_0]
current_hw_device [get_hw_devices xc7a100t_0]
refresh_hw_device -update_hw_probes false [lindex [get_hw_devices xc7a100t_0] 0]
set_property PROBES.FILE {} [get_hw_devices xc7a100t_0]
set_property FULL_PROBES.FILE {} [get_hw_devices xc7a100t_0]
set_property PROGRAM.FILE {C:/Users/Half Blood Prince/Desktop/Multi-Cycle-MIPS-Basic-IO2/Multi-Cycle-MIPS-Basic-IO.runs/impl_1/Top_IO_NEXYS_A7_100T.bit} [get_hw_devices xc7a100t_0]
program_hw_devices [get_hw_devices xc7a100t_0]
refresh_hw_device [lindex [get_hw_devices xc7a100t_0] 0]
close_hw_manager
reset_run impl_1 -prev_step 
launch_runs impl_1 -to_step write_bitstream -jobs 4
wait_on_run impl_1
open_hw_manager
connect_hw_server -allow_non_jtag
open_hw_target
set_property PROGRAM.FILE {C:/Users/Half Blood Prince/Desktop/Multi-Cycle-MIPS-Basic-IO2/Multi-Cycle-MIPS-Basic-IO.runs/impl_1/Top_IO_NEXYS_A7_100T.bit} [get_hw_devices xc7a100t_0]
current_hw_device [get_hw_devices xc7a100t_0]
refresh_hw_device -update_hw_probes false [lindex [get_hw_devices xc7a100t_0] 0]
set_property PROBES.FILE {} [get_hw_devices xc7a100t_0]
set_property FULL_PROBES.FILE {} [get_hw_devices xc7a100t_0]
set_property PROGRAM.FILE {C:/Users/Half Blood Prince/Desktop/Multi-Cycle-MIPS-Basic-IO2/Multi-Cycle-MIPS-Basic-IO.runs/impl_1/Top_IO_NEXYS_A7_100T.bit} [get_hw_devices xc7a100t_0]
program_hw_devices [get_hw_devices xc7a100t_0]
refresh_hw_device [lindex [get_hw_devices xc7a100t_0] 0]
set_property PROBES.FILE {} [get_hw_devices xc7a100t_0]
set_property FULL_PROBES.FILE {} [get_hw_devices xc7a100t_0]
set_property PROGRAM.FILE {C:/Users/Half Blood Prince/Desktop/Multi-Cycle-MIPS-Basic-IO2/Multi-Cycle-MIPS-Basic-IO.runs/impl_1/Top_IO_NEXYS_A7_100T.bit} [get_hw_devices xc7a100t_0]
program_hw_devices [get_hw_devices xc7a100t_0]
refresh_hw_device [lindex [get_hw_devices xc7a100t_0] 0]
close_hw_manager
reset_run impl_1
launch_runs impl_1 -jobs 4
wait_on_run impl_1
reset_run impl_1
launch_runs impl_1 -to_step write_bitstream -jobs 4
wait_on_run impl_1
reset_run impl_1
reset_run synth_1
launch_runs synth_1 -jobs 4
wait_on_run synth_1
launch_runs impl_1 -jobs 4
wait_on_run impl_1
launch_runs impl_1 -to_step write_bitstream -jobs 4
wait_on_run impl_1
open_hw_manager
connect_hw_server -allow_non_jtag
open_hw_target
set_property PROGRAM.FILE {C:/Users/Half Blood Prince/Desktop/Multi-Cycle-MIPS-Basic-IO2/Multi-Cycle-MIPS-Basic-IO.runs/impl_1/Top_IO_NEXYS_A7_100T.bit} [get_hw_devices xc7a100t_0]
current_hw_device [get_hw_devices xc7a100t_0]
refresh_hw_device -update_hw_probes false [lindex [get_hw_devices xc7a100t_0] 0]
set_property PROBES.FILE {} [get_hw_devices xc7a100t_0]
set_property FULL_PROBES.FILE {} [get_hw_devices xc7a100t_0]
set_property PROGRAM.FILE {C:/Users/Half Blood Prince/Desktop/Multi-Cycle-MIPS-Basic-IO2/Multi-Cycle-MIPS-Basic-IO.runs/impl_1/Top_IO_NEXYS_A7_100T.bit} [get_hw_devices xc7a100t_0]
program_hw_devices [get_hw_devices xc7a100t_0]
refresh_hw_device [lindex [get_hw_devices xc7a100t_0] 0]
close_hw_manager
reset_run impl_1 -prev_step 
launch_runs impl_1 -to_step write_bitstream -jobs 4
wait_on_run impl_1
open_hw_manager
connect_hw_server -allow_non_jtag
open_hw_target
current_hw_device [get_hw_devices xc7a100t_0]
refresh_hw_device -update_hw_probes false [lindex [get_hw_devices xc7a100t_0] 0]
open_run impl_1
set_property PROBES.FILE {} [get_hw_devices xc7a100t_0]
set_property FULL_PROBES.FILE {} [get_hw_devices xc7a100t_0]
set_property PROGRAM.FILE {C:/Users/Half Blood Prince/Desktop/Multi-Cycle-MIPS-Basic-IO2/Multi-Cycle-MIPS-Basic-IO.runs/impl_1/Top_IO_NEXYS_A7_100T.bit} [get_hw_devices xc7a100t_0]
program_hw_devices [get_hw_devices xc7a100t_0]
refresh_hw_device [lindex [get_hw_devices xc7a100t_0] 0]
close_hw_manager
close_design
set_property STEPS.SYNTH_DESIGN.ARGS.FSM_EXTRACTION off [get_runs synth_1]
set_property STEPS.SYNTH_DESIGN.ARGS.NO_LC true [get_runs synth_1]
set_property STEPS.SYNTH_DESIGN.ARGS.NO_SRLEXTRACT true [get_runs synth_1]
